Switch#
Switch#
Switch#
Switch#
Switch#
Switch#sh ver
Cisco IOS Software, C2960 Software (C2960-LANLITEK9-M), Version 15.0(2)SE8, RELEASE SOFTWARE (fc1)
Technical Support: http://www.cisco.com/techsupport
Copyright (c) 1986-2015 by Cisco Systems, Inc.
Compiled Thu 14-May-15 02:39 by prod_rel_team

ROM: Bootstrap program is C2960 boot loader
BOOTLDR: C2960 Boot Loader (C2960-HBOOT-M) Version 15.0(2r)EZ1, RELEASE SOFTWARE (fc2)

Switch uptime is 3 years, 24 weeks, 4 days, 8 hours, 39 minutes
System returned to ROM by power-on
System image file is "flash:/c2960-lanlitek9-mz.150-2.SE8/c2960-lanlitek9-mz.150-2.SE8.bin"


This product contains cryptographic features and is subject to United
States and local country laws governing import, export, transfer and
use. Delivery of Cisco cryptographic products does not imply
third-party authority to import, export, distribute or use encryption.
Importers, exporters, distributors and users are responsible for
compliance with U.S. and local country laws. By using this product you
agree to comply with applicable laws and regulations. If you are unable
to comply with U.S. and local laws, return this product immediately.

A summary of U.S. laws governing Cisco cryptographic products may be found at:
http://www.cisco.com/wwl/export/crypto/tool/stqrg.html

If you require further assistance please contact us by sending email to
export@cisco.com.

cisco WS-C2960+24TC-S (PowerPC405) processor (revision G0) with 131072K bytes of memory.
Processor board ID FOC2023W25Q
Last reset from power-on
1 Virtual Ethernet interface
24 FastEthernet interfaces
2 Gigabit Ethernet interfaces
The password-recovery mechanism is enabled.

64K bytes of flash-simulated non-volatile configuration memory.
Base ethernet MAC Address       : 00:9E:1E:C0:27:00
Motherboard assembly number     : 73-15624-01
Power supply part number        : 341-0097-03
Motherboard serial number       : FOC20226YQE
Power supply serial number      : DCA2017804U
Model revision number           : G0
Motherboard revision number     : B0
Model number                    : WS-C2960+24TC-S
System serial number            : FOC2023W25Q
Top Assembly Part Number        : 800-40265-02
Top Assembly Revision Number    : B0
Version ID                      : V02
CLEI Code Number                : CMMKY00ARB
Hardware Board Revision Number  : 0x0B


Switch Ports Model              SW Version            SW Image                 
------ ----- -----              ----------            ----------               
*    1 26    WS-C2960+24TC-S    15.0(2)SE8            C2960-LANLITEK9-M        


Configuration register is 0xF

Switch#  
Switch#
Switch#
Switch#sh env
% Incomplete command.

Switch#sh env all
FAN is OK
SYSTEM TEMPERATURE is OK

POWER is OK

Switch#sh modu
            ^
% Invalid input detected at '^' marker.

Switch#sh int status

Port      Name               Status       Vlan       Duplex  Speed Type
Fa0/1                        notconnect   1            auto   auto 10/100BaseTX
Fa0/2                        notconnect   1            auto   auto 10/100BaseTX
Fa0/3                        notconnect   1            auto   auto 10/100BaseTX
Fa0/4                        notconnect   1            auto   auto 10/100BaseTX
Fa0/5                        notconnect   1            auto   auto 10/100BaseTX
Fa0/6                        notconnect   1            auto   auto 10/100BaseTX
Fa0/7                        notconnect   1            auto   auto 10/100BaseTX
Fa0/8                        notconnect   1            auto   auto 10/100BaseTX
Fa0/9                        notconnect   1            auto   auto 10/100BaseTX
Fa0/10                       notconnect   1            auto   auto 10/100BaseTX
Fa0/11                       notconnect   1            auto   auto 10/100BaseTX
Fa0/12                       notconnect   1            auto   auto 10/100BaseTX
Fa0/13                       notconnect   1            auto   auto 10/100BaseTX
Fa0/14                       notconnect   1            auto   auto 10/100BaseTX
Fa0/15                       notconnect   1            auto   auto 10/100BaseTX
Fa0/16                       notconnect   1            auto   auto 10/100BaseTX
Fa0/17                       notconnect   1            auto   auto 10/100BaseTX
Fa0/18                       notconnect   1            auto   auto 10/100BaseTX
Fa0/19                       notconnect   1            auto   auto 10/100BaseTX
Fa0/20                       notconnect   1            auto   auto 10/100BaseTX
Fa0/21                       notconnect   1            auto   auto 10/100BaseTX
          
Port      Name               Status       Vlan       Duplex  Speed Type
Fa0/22                       notconnect   1            auto   auto 10/100BaseTX
Fa0/23                       notconnect   1            auto   auto 10/100BaseTX
Fa0/24                       notconnect   1            auto   auto 10/100BaseTX
Gi0/1                        notconnect   1            auto   auto Not Present
Gi0/2                        connected    1          a-full a-1000 1000BaseLX SFP
Switch#
Switch#
Switch#
Switch#
Switch#sh int | i CRC
     0 input errors, 0 CRC, 0 frame, 0 overrun, 0 ignored
     0 input errors, 0 CRC, 0 frame, 0 overrun, 0 ignored
     0 input errors, 0 CRC, 0 frame, 0 overrun, 0 ignored
     0 input errors, 0 CRC, 0 frame, 0 overrun, 0 ignored
     0 input errors, 0 CRC, 0 frame, 0 overrun, 0 ignored
     0 input errors, 0 CRC, 0 frame, 0 overrun, 0 ignored
     0 input errors, 0 CRC, 0 frame, 0 overrun, 0 ignored
     0 input errors, 0 CRC, 0 frame, 0 overrun, 0 ignored
     0 input errors, 0 CRC, 0 frame, 0 overrun, 0 ignored
     0 input errors, 0 CRC, 0 frame, 0 overrun, 0 ignored
     0 input errors, 0 CRC, 0 frame, 0 overrun, 0 ignored
     0 input errors, 0 CRC, 0 frame, 0 overrun, 0 ignored
     0 input errors, 0 CRC, 0 frame, 0 overrun, 0 ignored
     0 input errors, 0 CRC, 0 frame, 0 overrun, 0 ignored
     0 input errors, 0 CRC, 0 frame, 0 overrun, 0 ignored
     0 input errors, 0 CRC, 0 frame, 0 overrun, 0 ignored
     0 input errors, 0 CRC, 0 frame, 0 overrun, 0 ignored
     0 input errors, 0 CRC, 0 frame, 0 overrun, 0 ignored
     0 input errors, 0 CRC, 0 frame, 0 overrun, 0 ignored
     0 input errors, 0 CRC, 0 frame, 0 overrun, 0 ignored
     0 input errors, 0 CRC, 0 frame, 0 overrun, 0 ignored
     0 input errors, 0 CRC, 0 frame, 0 overrun, 0 ignored
     0 input errors, 0 CRC, 0 frame, 0 overrun, 0 ignored
     0 input errors, 0 CRC, 0 frame, 0 overrun, 0 ignored
     0 input errors, 0 CRC, 0 frame, 0 overrun, 0 ignored
     0 input errors, 0 CRC, 0 frame, 0 overrun, 0 ignored
     0 input errors, 0 CRC, 0 frame, 0 overrun, 0 ignored
Switch# 
Switch#
Switch#
Switch#
Switch#
Switch#sh logg
Syslog logging: enabled (0 messages dropped, 0 messages rate-limited, 0 flushes, 0 overruns, xml disabled, filtering disabled)

No Active Message Discriminator.



No Inactive Message Discriminator.


    Console logging: level debugging, 65 messages logged, xml disabled,
                     filtering disabled
    Monitor logging: level debugging, 0 messages logged, xml disabled,
                     filtering disabled
    Buffer logging:  level debugging, 65 messages logged, xml disabled,
                    filtering disabled
    Exception Logging: size (4096 bytes)
    Count and timestamp logging messages: disabled
    File logging: disabled
    Persistent logging: disabled

No active filter modules.

    Trap logging: level informational, 69 message lines logged
        Logging Source-Interface:       VRF Name:

Log Buffer (4096 bytes):
%LINEPROTO-5-UPDOWN: Line protocol on Interface FastEthernet0/1, changed state to up
*Jun  6 13:18:15.895: %LINEPROTO-5-UPDOWN: Line protocol on Interface FastEthernet0/1, changed state to down
*Jun  6 13:18:17.909: %LINEPROTO-5-UPDOWN: Line protocol on Interface FastEthernet0/1, changed state to up
*Jun  6 13:22:46.654: %LINEPROTO-5-UPDOWN: Line protocol on Interface FastEthernet0/1, changed state to down
*Jun  6 13:22:47.661: %LINK-3-UPDOWN: Interface FastEthernet0/1, changed state to down
*Jun  6 13:24:54.254: %LINK-3-UPDOWN: Interface FastEthernet0/1, changed state to up
*Jun  6 13:24:55.260: %LINEPROTO-5-UPDOWN: Line protocol on Interface FastEthernet0/1, changed state to up
*Jun  6 13:25:32.212: %LINEPROTO-5-UPDOWN: Line protocol on Interface FastEthernet0/1, changed state to down
*Jun  6 13:25:34.217: %LINEPROTO-5-UPDOWN: Line protocol on Interface FastEthernet0/1, changed state to up
*Jul  4 13:27:34.492: %LINEPROTO-5-UPDOWN: Line protocol on Interface FastEthernet0/1, changed state to down
*Jul  4 13:27:35.499: %LINK-3-UPDOWN: Interface FastEthernet0/1, changed state to down
*Jul  4 13:29:12.731: %LINK-3-UPDOWN: Interface FastEthernet0/1, changed state to up
*Jul  4 13:29:13.738: %LINEPROTO-5-UPDOWN: Line protocol on Interface FastEthernet0/1, changed state to up
*Jul  4 13:29:50.774: %LINEPROTO-5-UPDOWN: Line protocol on Interface FastEthernet0/1, changed state to down
*Jul  4 13:29:52.787: %LINEPROTO-5-UPDOWN: Line protocol on Interface FastEthernet0/1, changed state to up
*Jul  4 15:11:22.899: %LINEPROTO-5-UPDOWN: Line protocol on Interface FastEthernet0/1, changed state to down
*Jul  4 15:11:23.906: %LINK-3-UPDOWN: Interface FastEthernet0/1, changed state to down
*Jul  4 15:12:22.618: %LINK-3-UPDOWN: Interface FastEthernet0/1, changed state to up
*Jul  4 15:12:23.625: %LINEPROTO-5-UPDOWN: Line protocol on Interface FastEthernet0/1, changed state to up
*Jul  4 15:13:00.543: %LINEPROTO-5-UPDOWN: Line protocol on Interface FastEthernet0/1, changed state to down
*Jul  4 15:13:02.556: %LINEPROTO-5-UPDOWN: Line protocol on Interface FastEthernet0/1, changed state to up
*Jul 24 10:11:45.164: %LINEPROTO-5-UPDOWN: Line protocol on Interface FastEthernet0/1, changed state to down
*Jul 24 10:11:46.170: %LINK-3-UPDOWN: Interface FastEthernet0/1, changed state to down
*Mar  9 09:31:41.298: %LINEPROTO-5-UPDOWN: Line protocol on Interface Vlan1, changed state to down
*Mar  9 09:31:42.296: %LINEPROTO-5-UPDOWN: Line protocol on Interface GigabitEthernet0/2, changed state to down
*Mar  9 09:31:43.303: %LINK-3-UPDOWN: Interface GigabitEthernet0/2, changed state to down
*Mar  9 09:38:19.849: %LINK-3-UPDOWN: Interface GigabitEthernet0/2, changed state to up
*Mar  9 09:38:20.856: %LINEPROTO-5-UPDOWN: Line protocol on Interface GigabitEthernet0/2, changed state to up
*Mar  9 09:38:47.875: %LINEPROTO-5-UPDOWN: Line protocol on Interface Vlan1, changed state to up
*Feb 15 16:33:12.870: %LINEPROTO-5-UPDOWN: Line protocol on Interface Vlan1, changed state to down
*Feb 15 16:33:13.868: %LINEPROTO-5-UPDOWN: Line protocol on Interface GigabitEthernet0/2, changed state to down
*Feb 15 16:33:14.866: %LINK-3-UPDOWN: Interface GigabitEthernet0/2, changed state to down
*Feb 15 16:50:14.879: %LINK-3-UPDOWN: Interface GigabitEthernet0/2, changed state to up
*Feb 15 16:50:15.886: %LINEPROTO-5-UPDOWN: Line protocol on Interface GigabitEthernet0/2, changed state to up
*Feb 15 16:50:42.905: %LINEPROTO-5-UPDOWN: Line protocol on Interface Vlan1, changed state to up
*Jun  9 15:08:41.776: %LINEPROTO-5-UPDOWN: Line protocol on Interface Vlan1, changed state to down
*Jun  9 15:08:42.774: %LINEPROTO-5-UPDOWN: Line protocol on Interface GigabitEthernet0/2, changed state to down
*Jun  9 15:08:43.781: %LINK-3-UPDOWN: Interface GigabitEthernet0/2, changed state to down
*Jun  9 15:41:05.014: %LINK-3-UPDOWN: Interface GigabitEthernet0/2, changed state to up
*Jun  9 15:41:06.021: %LINEPROTO-5-UPDOWN: Line protocol on Interface GigabitEthernet0/2, changed state to up
*Jun  9 15:41:33.040: %LINEPROTO-5-UPDOWN: Line protocol on Interface Vlan1, changed state to up
Switch#    sh run
Building configuration...

Current configuration : 1239 bytes
!
version 15.0
no service pad
service timestamps debug datetime msec
service timestamps log datetime msec
no service password-encryption
!
hostname Switch
!
boot-start-marker
boot-end-marker
!
!
no aaa new-model
system mtu routing 1500
!
!
!
!
!
!
!         
!
!
!
spanning-tree mode pvst
spanning-tree extend system-id
!
vlan internal allocation policy ascending
!
!
!
!
!
interface FastEthernet0/1
!
interface FastEthernet0/2
!
interface FastEthernet0/3
!
interface FastEthernet0/4
!
interface FastEthernet0/5
!
interface FastEthernet0/6
!
interface FastEthernet0/7
!
interface FastEthernet0/8
!
interface FastEthernet0/9
!
interface FastEthernet0/10
!
interface FastEthernet0/11
!
interface FastEthernet0/12
!
interface FastEthernet0/13
!
interface FastEthernet0/14
!
interface FastEthernet0/15
!
interface FastEthernet0/16
!
interface FastEthernet0/17
!         
interface FastEthernet0/18
!
interface FastEthernet0/19
!
interface FastEthernet0/20
!
interface FastEthernet0/21
!
interface FastEthernet0/22
!
interface FastEthernet0/23
!
interface FastEthernet0/24
!
interface GigabitEthernet0/1
!
interface GigabitEthernet0/2
!
interface Vlan1
 no ip address
 no ip route-cache
!
ip http server
ip http secure-server
!
!
line con 0
line vty 5 15
!
end

Switch#sh clock
*08:44:10.374 UTC Mon Aug 19 1996
Switch#clock ?
  set  Set the time and date

Switch#clock set ?
  hh:mm:ss  Current Time

Switch#clock set 14:24:00 ?
  <1-31>  Day of the month
  MONTH   Month of the year

Switch#clock set 14:24:00 9 ?
  MONTH  Month of the year

Switch#clock set 14:24:00 9 jun ?
  <1993-2035>  Year

Switch#clock set 14:24:00 9 jun 2020 ?
  <cr>

Switch#clock set 14:24:00 9 jun 2020 
Switch#
*Jun  9 14:24:00.000: %SYS-6-CLOCKUPDATE: System clock has been updated from 08:44:45 UTC Mon Aug 19 1996 to 14:24:00 UTC Tue Jun 9 2020, configured from console by console.
Switch#
Switch#
Switch#
Switch#
Switch#sh lcock
           ^
% Invalid input detected at '^' marker.

Switch#sh clock
14:24:10.947 UTC Tue Jun 9 2020
Switch#timez
Switch#time?
% Unrecognized command
Switch#config t
Enter configuration commands, one per line.  End with CNTL/Z.
Switch(config)#time
Switch(config)#time-range ?
  WORD  Time range name

Switch(config)#exit       
Switch#clock ?
  set  Set the time and date

Switch#clock 
Jun  9 14:24:32.782: %SYS-5-CONFIG_I: Configured from console by c       
Switch#
Switch#
Switch#
Switch#exit

































Switch con0 is now available





Press RETURN to get started.













Switch>en
Switch#sh proc cpu
CPU utilization for five seconds: 11%/0%; one minute: 6%; five minutes: 5%
 PID Runtime(ms)     Invoked      uSecs   5Sec   1Min   5Min TTY Process 
   1          16          83        192  0.00%  0.00%  0.00%   0 Chunk Manager    
   2     7593965    21900057        346  0.00%  0.00%  0.00%   0 Load Meter       
   3           0           1          0  0.00%  0.00%  0.00%   0 Connection Mgr   
   4   774568704    43537317      17790  7.20%  0.93%  0.68%   0 Check heaps      
   5      742995     1825006        407  0.00%  0.00%  0.00%   0 Pool Manager     
   6           0           1          0  0.00%  0.00%  0.00%   0 DiscardQ Backgro 
   7           0           2          0  0.00%  0.00%  0.00%   0 Timers           
   8           0         149          0  0.00%  0.00%  0.00%   0 WATCH_AFS        
   9           0          22          0  0.00%  0.00%  0.00%   0 crypto sw pk pro 
  10           0           1          0  0.00%  0.00%  0.00%   0 Crash writer     
  11           0           1          0  0.00%  0.00%  0.00%   0 Exception contro 
 PID Runtime(ms)     Invoked      uSecs   5Sec   1Min   5Min TTY Process
  12    16485653    69624868        236  0.00%  0.01%  0.00%   0 ARP Input        
  13       17108   113639953          0  0.00%  0.00%  0.00%   0 ARP Background   
  14           0           1          0  0.00%  0.00%  0.00%   0 AAA_SERVER_DEADT 
  15           0           1          0  0.00%  0.00%  0.00%   0 Policy Manager   
  16          17           5       3400  0.00%  0.00%  0.00%   0 Entity MIB API   
  17           0           1          0  0.00%  0.00%  0.00%   0 IFS Agent Manage 
  18       26032    21865113          1  0.00%  0.00%  0.00%   0 IPC Event Notifi 
  19       12349   106404072          0  0.00%  0.00%  0.00%   0 IPC Mcast Pendin 
  20         213     1824891          0  0.00%  0.00%  0.00%   0 IPC Dynamic Cach 
  21           0           1          0  0.00%  0.00%  0.00%   0 IPC Session Serv 
  22           0           1          0  0.00%  0.00%  0.00%   0 IPC Zone Manager 
          
Switch#sh proc cpu
CPU utilization for five seconds: 4%/0%; one minute: 5%; five minutes: 5%
 PID Runtime(ms)     Invoked      uSecs   5Sec   1Min   5Min TTY Process 
   1          16          83        192  0.00%  0.00%  0.00%   0 Chunk Manager    
   2     7593965    21900061        346  0.00%  0.00%  0.00%   0 Load Meter       
   3           0           1          0  0.00%  0.00%  0.00%   0 Connection Mgr   
   4   774568729    43537322      17790  0.00%  0.70%  0.64%   0 Check heaps      
   5      742995     1825006        407  0.00%  0.00%  0.00%   0 Pool Manager     
   6           0           1          0  0.00%  0.00%  0.00%   0 DiscardQ Backgro 
   7           0           2          0  0.00%  0.00%  0.00%   0 Timers           
   8           0         149          0  0.00%  0.00%  0.00%   0 WATCH_AFS        
   9           0          22          0  0.00%  0.00%  0.00%   0 crypto sw pk pro 
  10           0           1          0  0.00%  0.00%  0.00%   0 Crash writer     
  11           0           1          0  0.00%  0.00%  0.00%   0 Exception contro 
          
Switch#sh proc mem
Processor Pool Total:   94837420 Used:   14846984 Free:   79990436
      I/O Pool Total:    4194304 Used:    1681908 Free:    2512396
Driver te Pool Total:    1048576 Used:         40 Free:    1048536

 PID TTY  Allocated      Freed    Holding    Getbufs    Retbufs Process
   0   0   17762972    3697000   11328920          0          0 *Init*          
   0   0      12228     312696      12228          0          0 *Sched*         
   0   0 4256357716 4255338224     934200    2936555     254736 *Dead*          
   0   0          0          0     394440          0          0 *MallocLite*    
   1   0     134596          0     141756          0          0 Chunk Manager   
   2   0        232        232       4160          0          0 Load Meter      
   3   0          0          0      10032          0          0 Connection Mgr  
   4   0       4652        232      11632          0          0 Check heaps     
   5   0 2176795152 2176924344     105688 4239233443 4239281035 Pool Manager    
   6   0          0          0       7160          0          0 DiscardQ Backgro
   7   0        232        232       7160          0          0 Timers          
   8   0          0          0       4160          0          0 WATCH_AFS       
   9   0          0       3912       7160          0          0 crypto sw pk pro
  10   0          0          0      25160          0          0 Crash writer    
  11   0        340          0       7500          0          0 Exception contro
  12   0          0          0       7160          0          0 ARP Input       
  13   0          0          0       7160          0          0 ARP Background  
  14   0          0          0       7160          0          0 AAA_SERVER_DEADT
 PID TTY  Allocated      Freed    Holding    Getbufs    Retbufs Process
  15   0          0          0      13160          0          0 Policy Manager  
  16   0      24652      97840      25100          0      21528 Entity MIB API  
  17   0          0          0       7160          0          0 IFS Agent Manage
  18   0          0          0       7160          0          0 IPC Event Notifi
  19   0          0          0       7160          0          0 IPC Mcast Pendin
  20   0          0          0       7160          0          0 IPC Dynamic Cach
  21   0          0          0       7160          0          0 IPC Session Serv
  22   0          0          0       7160          0          0 IPC Zone Manager
  23   0          0          0       7160          0          0 IPC Periodic Tim
  24   0          0          0       7160          0          0 IPC Deferred Por
  25   0          0          0       7160          0          0 IPC Process leve
  26   0       1688          0       8848          0          0 IPC Seat Manager
  27   0          0          0       7160          0          0 IPC Check Queue 
  28   0          0          0       7160          0          0 IPC Seat RX Cont
  29   0          0          0       7160          0          0 IPC Seat TX Cont
  30   0          0          0       7160          0          0 IPC Keep Alive M
  31   0          0          0       7160          0          0 IPC Loadometer  
  32   0        232        232       7160          0          0 PrstVbl         
  33   0        232        232      13160          0          0 XML Proxy Client
  34   0          0          0       7160          0          0 ARP Snoop       
  35   0        232        232       7160          0          0 SMART           
  36   0        232        232       7160          0          0 GraphIt         
          
Switch#
Switch#
Switch#
Switch#
Switch#
